// Jest Snapshot v1, https://goo.gl/fbAQLP

exports[`MultiplesView matches snapshot 1`] = `
<DocumentFragment>
  <div
    class="card"
  >
    <div
      aria-label="List of Tabs"
      class="grid"
      role="tablist"
    >
      <div
        role="presentation"
      >
        <div
          aria-controls="gridTabPanel"
          aria-label="1"
          aria-selected="false"
          class="grid-item  "
          id="gridTab1"
          name="1"
          role="tab"
          tabindex="1"
        >
          1
        </div>
      </div>
      <div
        role="presentation"
      >
        <div
          aria-controls="gridTabPanel"
          aria-label="2"
          aria-selected="false"
          class="grid-item  "
          id="gridTab2"
          name="2"
          role="tab"
          tabindex="2"
        >
          2
        </div>
      </div>
      <div
        role="presentation"
      >
        <div
          aria-controls="gridTabPanel"
          aria-label="3"
          aria-selected="false"
          class="grid-item  "
          id="gridTab3"
          name="3"
          role="tab"
          tabindex="3"
        >
          3
        </div>
      </div>
      <div
        role="presentation"
      >
        <div
          aria-controls="gridTabPanel"
          aria-label="4"
          aria-selected="false"
          class="grid-item  "
          id="gridTab4"
          name="4"
          role="tab"
          tabindex="4"
        >
          4
        </div>
      </div>
      <div
        role="presentation"
      >
        <div
          aria-controls="gridTabPanel"
          aria-label="5"
          aria-selected="false"
          class="grid-item  "
          id="gridTab5"
          name="5"
          role="tab"
          tabindex="5"
        >
          5
        </div>
      </div>
      <div
        role="presentation"
      >
        <div
          aria-controls="gridTabPanel"
          aria-label="6"
          aria-selected="false"
          class="grid-item  "
          id="gridTab6"
          name="6"
          role="tab"
          tabindex="6"
        >
          6
        </div>
      </div>
      <div
        role="presentation"
      >
        <div
          aria-controls="gridTabPanel"
          aria-label="7"
          aria-selected="false"
          class="grid-item  "
          id="gridTab7"
          name="7"
          role="tab"
          tabindex="7"
        >
          7
        </div>
      </div>
      <div
        role="presentation"
      >
        <div
          aria-controls="gridTabPanel"
          aria-label="8"
          aria-selected="false"
          class="grid-item  "
          id="gridTab8"
          name="8"
          role="tab"
          tabindex="8"
        >
          8
        </div>
      </div>
      <div
        role="presentation"
      >
        <div
          aria-controls="gridTabPanel"
          aria-label="9"
          aria-selected="false"
          class="grid-item  "
          id="gridTab9"
          name="9"
          role="tab"
          tabindex="9"
        >
          9
        </div>
      </div>
      <div
        role="presentation"
      >
        <div
          aria-controls="gridTabPanel"
          aria-label="10"
          aria-selected="false"
          class="grid-item  "
          id="gridTab10"
          name="10"
          role="tab"
          tabindex="10"
        >
          10
        </div>
      </div>
      <div
        role="presentation"
      >
        <div
          aria-controls="gridTabPanel"
          aria-label="11"
          aria-selected="false"
          class="grid-item  "
          id="gridTab11"
          name="11"
          role="tab"
          tabindex="11"
        >
          11
        </div>
      </div>
      <div
        role="presentation"
      >
        <div
          aria-controls="gridTabPanel"
          aria-label="12"
          aria-selected="false"
          class="grid-item  "
          id="gridTab12"
          name="12"
          role="tab"
          tabindex="12"
        >
          12
        </div>
      </div>
      <div
        role="presentation"
      >
        <div
          aria-controls="gridTabPanel"
          aria-label="13"
          aria-selected="false"
          class="grid-item  "
          id="gridTab13"
          name="13"
          role="tab"
          tabindex="13"
        >
          13
        </div>
      </div>
      <div
        role="presentation"
      >
        <div
          aria-controls="gridTabPanel"
          aria-label="14"
          aria-selected="false"
          class="grid-item  "
          id="gridTab14"
          name="14"
          role="tab"
          tabindex="14"
        >
          14
        </div>
      </div>
      <div
        role="presentation"
      >
        <div
          aria-controls="gridTabPanel"
          aria-label="15"
          aria-selected="false"
          class="grid-item  "
          id="gridTab15"
          name="15"
          role="tab"
          tabindex="15"
        >
          15
        </div>
      </div>
      <div
        role="presentation"
      >
        <div
          aria-controls="gridTabPanel"
          aria-label="16"
          aria-selected="false"
          class="grid-item  "
          id="gridTab16"
          name="16"
          role="tab"
          tabindex="16"
        >
          16
        </div>
      </div>
      <div
        role="presentation"
      >
        <div
          aria-controls="gridTabPanel"
          aria-label="17"
          aria-selected="false"
          class="grid-item  "
          id="gridTab17"
          name="17"
          role="tab"
          tabindex="17"
        >
          17
        </div>
      </div>
      <div
        role="presentation"
      >
        <div
          aria-controls="gridTabPanel"
          aria-label="18"
          aria-selected="false"
          class="grid-item  "
          id="gridTab18"
          name="18"
          role="tab"
          tabindex="18"
        >
          18
        </div>
      </div>
      <div
        role="presentation"
      >
        <div
          aria-controls="gridTabPanel"
          aria-label="19"
          aria-selected="false"
          class="grid-item  "
          id="gridTab19"
          name="19"
          role="tab"
          tabindex="19"
        >
          19
        </div>
      </div>
      <div
        role="presentation"
      >
        <div
          aria-controls="gridTabPanel"
          aria-label="20"
          aria-selected="false"
          class="grid-item  "
          id="gridTab20"
          name="20"
          role="tab"
          tabindex="20"
        >
          20
        </div>
      </div>
      <div
        role="presentation"
      >
        <div
          aria-controls="gridTabPanel"
          aria-label="21"
          aria-selected="false"
          class="grid-item  "
          id="gridTab21"
          name="21"
          role="tab"
          tabindex="21"
        >
          21
        </div>
      </div>
      <div
        role="presentation"
      >
        <div
          aria-controls="gridTabPanel"
          aria-label="22"
          aria-selected="false"
          class="grid-item  "
          id="gridTab22"
          name="22"
          role="tab"
          tabindex="22"
        >
          22
        </div>
      </div>
      <div
        role="presentation"
      >
        <div
          aria-controls="gridTabPanel"
          aria-label="23"
          aria-selected="false"
          class="grid-item  "
          id="gridTab23"
          name="23"
          role="tab"
          tabindex="23"
        >
          23
        </div>
      </div>
      <div
        role="presentation"
      >
        <div
          aria-controls="gridTabPanel"
          aria-label="24"
          aria-selected="false"
          class="grid-item  "
          id="gridTab24"
          name="24"
          role="tab"
          tabindex="24"
        >
          24
        </div>
      </div>
      <div
        role="presentation"
      >
        <div
          aria-controls="gridTabPanel"
          aria-label="25"
          aria-selected="false"
          class="grid-item  "
          id="gridTab25"
          name="25"
          role="tab"
          tabindex="25"
        >
          25
        </div>
      </div>
      <div
        role="presentation"
      >
        <div
          aria-controls="gridTabPanel"
          aria-label="26"
          aria-selected="false"
          class="grid-item  "
          id="gridTab26"
          name="26"
          role="tab"
          tabindex="26"
        >
          26
        </div>
      </div>
      <div
        role="presentation"
      >
        <div
          aria-controls="gridTabPanel"
          aria-label="27"
          aria-selected="false"
          class="grid-item  "
          id="gridTab27"
          name="27"
          role="tab"
          tabindex="27"
        >
          27
        </div>
      </div>
      <div
        role="presentation"
      >
        <div
          aria-controls="gridTabPanel"
          aria-label="28"
          aria-selected="false"
          class="grid-item  "
          id="gridTab28"
          name="28"
          role="tab"
          tabindex="28"
        >
          28
        </div>
      </div>
      <div
        role="presentation"
      >
        <div
          aria-controls="gridTabPanel"
          aria-label="29"
          aria-selected="false"
          class="grid-item  "
          id="gridTab29"
          name="29"
          role="tab"
          tabindex="29"
        >
          29
        </div>
      </div>
      <div
        role="presentation"
      >
        <div
          aria-controls="gridTabPanel"
          aria-label="30"
          aria-selected="false"
          class="grid-item  "
          id="gridTab30"
          name="30"
          role="tab"
          tabindex="30"
        >
          30
        </div>
      </div>
      <div
        role="presentation"
      >
        <div
          aria-controls="gridTabPanel"
          aria-label="31"
          aria-selected="false"
          class="grid-item  "
          id="gridTab31"
          name="31"
          role="tab"
          tabindex="31"
        >
          31
        </div>
      </div>
      <div
        role="presentation"
      >
        <div
          aria-controls="gridTabPanel"
          aria-label="32"
          aria-selected="false"
          class="grid-item  "
          id="gridTab32"
          name="32"
          role="tab"
          tabindex="32"
        >
          32
        </div>
      </div>
      <div
        role="presentation"
      >
        <div
          aria-controls="gridTabPanel"
          aria-label="33"
          aria-selected="false"
          class="grid-item  "
          id="gridTab33"
          name="33"
          role="tab"
          tabindex="33"
        >
          33
        </div>
      </div>
      <div
        role="presentation"
      >
        <div
          aria-controls="gridTabPanel"
          aria-label="34"
          aria-selected="false"
          class="grid-item  "
          id="gridTab34"
          name="34"
          role="tab"
          tabindex="34"
        >
          34
        </div>
      </div>
      <div
        role="presentation"
      >
        <div
          aria-controls="gridTabPanel"
          aria-label="35"
          aria-selected="false"
          class="grid-item  "
          id="gridTab35"
          name="35"
          role="tab"
          tabindex="35"
        >
          35
        </div>
      </div>
      <div
        role="presentation"
      >
        <div
          aria-controls="gridTabPanel"
          aria-label="36"
          aria-selected="false"
          class="grid-item  "
          id="gridTab36"
          name="36"
          role="tab"
          tabindex="36"
        >
          36
        </div>
      </div>
      <div
        role="presentation"
      >
        <div
          aria-controls="gridTabPanel"
          aria-label="37"
          aria-selected="false"
          class="grid-item  "
          id="gridTab37"
          name="37"
          role="tab"
          tabindex="37"
        >
          37
        </div>
      </div>
      <div
        role="presentation"
      >
        <div
          aria-controls="gridTabPanel"
          aria-label="38"
          aria-selected="false"
          class="grid-item  "
          id="gridTab38"
          name="38"
          role="tab"
          tabindex="38"
        >
          38
        </div>
      </div>
      <div
        role="presentation"
      >
        <div
          aria-controls="gridTabPanel"
          aria-label="39"
          aria-selected="false"
          class="grid-item  "
          id="gridTab39"
          name="39"
          role="tab"
          tabindex="39"
        >
          39
        </div>
      </div>
      <div
        role="presentation"
      >
        <div
          aria-controls="gridTabPanel"
          aria-label="40"
          aria-selected="false"
          class="grid-item  "
          id="gridTab40"
          name="40"
          role="tab"
          tabindex="40"
        >
          40
        </div>
      </div>
      <div
        role="presentation"
      >
        <div
          aria-controls="gridTabPanel"
          aria-label="41"
          aria-selected="false"
          class="grid-item  "
          id="gridTab41"
          name="41"
          role="tab"
          tabindex="41"
        >
          41
        </div>
      </div>
      <div
        role="presentation"
      >
        <div
          aria-controls="gridTabPanel"
          aria-label="42"
          aria-selected="false"
          class="grid-item  "
          id="gridTab42"
          name="42"
          role="tab"
          tabindex="42"
        >
          42
        </div>
      </div>
      <div
        role="presentation"
      >
        <div
          aria-controls="gridTabPanel"
          aria-label="43"
          aria-selected="false"
          class="grid-item  "
          id="gridTab43"
          name="43"
          role="tab"
          tabindex="43"
        >
          43
        </div>
      </div>
      <div
        role="presentation"
      >
        <div
          aria-controls="gridTabPanel"
          aria-label="44"
          aria-selected="false"
          class="grid-item  "
          id="gridTab44"
          name="44"
          role="tab"
          tabindex="44"
        >
          44
        </div>
      </div>
      <div
        role="presentation"
      >
        <div
          aria-controls="gridTabPanel"
          aria-label="45"
          aria-selected="false"
          class="grid-item  "
          id="gridTab45"
          name="45"
          role="tab"
          tabindex="45"
        >
          45
        </div>
      </div>
      <div
        role="presentation"
      >
        <div
          aria-controls="gridTabPanel"
          aria-label="46"
          aria-selected="false"
          class="grid-item  "
          id="gridTab46"
          name="46"
          role="tab"
          tabindex="46"
        >
          46
        </div>
      </div>
      <div
        role="presentation"
      >
        <div
          aria-controls="gridTabPanel"
          aria-label="47"
          aria-selected="false"
          class="grid-item  "
          id="gridTab47"
          name="47"
          role="tab"
          tabindex="47"
        >
          47
        </div>
      </div>
      <div
        role="presentation"
      >
        <div
          aria-controls="gridTabPanel"
          aria-label="48"
          aria-selected="false"
          class="grid-item  "
          id="gridTab48"
          name="48"
          role="tab"
          tabindex="48"
        >
          48
        </div>
      </div>
      <div
        role="presentation"
      >
        <div
          aria-controls="gridTabPanel"
          aria-label="49"
          aria-selected="false"
          class="grid-item  "
          id="gridTab49"
          name="49"
          role="tab"
          tabindex="49"
        >
          49
        </div>
      </div>
      <div
        role="presentation"
      >
        <div
          aria-controls="gridTabPanel"
          aria-label="50"
          aria-selected="false"
          class="grid-item  "
          id="gridTab50"
          name="50"
          role="tab"
          tabindex="50"
        >
          50
        </div>
      </div>
      <div
        role="presentation"
      >
        <div
          aria-controls="gridTabPanel"
          aria-label="51"
          aria-selected="false"
          class="grid-item  "
          id="gridTab51"
          name="51"
          role="tab"
          tabindex="51"
        >
          51
        </div>
      </div>
      <div
        role="presentation"
      >
        <div
          aria-controls="gridTabPanel"
          aria-label="52"
          aria-selected="false"
          class="grid-item  "
          id="gridTab52"
          name="52"
          role="tab"
          tabindex="52"
        >
          52
        </div>
      </div>
      <div
        role="presentation"
      >
        <div
          aria-controls="gridTabPanel"
          aria-label="53"
          aria-selected="false"
          class="grid-item  "
          id="gridTab53"
          name="53"
          role="tab"
          tabindex="53"
        >
          53
        </div>
      </div>
      <div
        role="presentation"
      >
        <div
          aria-controls="gridTabPanel"
          aria-label="54"
          aria-selected="false"
          class="grid-item  "
          id="gridTab54"
          name="54"
          role="tab"
          tabindex="54"
        >
          54
        </div>
      </div>
      <div
        role="presentation"
      >
        <div
          aria-controls="gridTabPanel"
          aria-label="55"
          aria-selected="false"
          class="grid-item  "
          id="gridTab55"
          name="55"
          role="tab"
          tabindex="55"
        >
          55
        </div>
      </div>
      <div
        role="presentation"
      >
        <div
          aria-controls="gridTabPanel"
          aria-label="56"
          aria-selected="false"
          class="grid-item  "
          id="gridTab56"
          name="56"
          role="tab"
          tabindex="56"
        >
          56
        </div>
      </div>
      <div
        role="presentation"
      >
        <div
          aria-controls="gridTabPanel"
          aria-label="57"
          aria-selected="false"
          class="grid-item  "
          id="gridTab57"
          name="57"
          role="tab"
          tabindex="57"
        >
          57
        </div>
      </div>
      <div
        role="presentation"
      >
        <div
          aria-controls="gridTabPanel"
          aria-label="58"
          aria-selected="false"
          class="grid-item  "
          id="gridTab58"
          name="58"
          role="tab"
          tabindex="58"
        >
          58
        </div>
      </div>
      <div
        role="presentation"
      >
        <div
          aria-controls="gridTabPanel"
          aria-label="59"
          aria-selected="false"
          class="grid-item  "
          id="gridTab59"
          name="59"
          role="tab"
          tabindex="59"
        >
          59
        </div>
      </div>
      <div
        role="presentation"
      >
        <div
          aria-controls="gridTabPanel"
          aria-label="60"
          aria-selected="false"
          class="grid-item  "
          id="gridTab60"
          name="60"
          role="tab"
          tabindex="60"
        >
          60
        </div>
      </div>
      <div
        role="presentation"
      >
        <div
          aria-controls="gridTabPanel"
          aria-label="61"
          aria-selected="false"
          class="grid-item  "
          id="gridTab61"
          name="61"
          role="tab"
          tabindex="61"
        >
          61
        </div>
      </div>
      <div
        role="presentation"
      >
        <div
          aria-controls="gridTabPanel"
          aria-label="62"
          aria-selected="false"
          class="grid-item  "
          id="gridTab62"
          name="62"
          role="tab"
          tabindex="62"
        >
          62
        </div>
      </div>
      <div
        role="presentation"
      >
        <div
          aria-controls="gridTabPanel"
          aria-label="63"
          aria-selected="false"
          class="grid-item  "
          id="gridTab63"
          name="63"
          role="tab"
          tabindex="63"
        >
          63
        </div>
      </div>
      <div
        role="presentation"
      >
        <div
          aria-controls="gridTabPanel"
          aria-label="64"
          aria-selected="false"
          class="grid-item  "
          id="gridTab64"
          name="64"
          role="tab"
          tabindex="64"
        >
          64
        </div>
      </div>
      <div
        role="presentation"
      >
        <div
          aria-controls="gridTabPanel"
          aria-label="65"
          aria-selected="false"
          class="grid-item  "
          id="gridTab65"
          name="65"
          role="tab"
          tabindex="65"
        >
          65
        </div>
      </div>
      <div
        role="presentation"
      >
        <div
          aria-controls="gridTabPanel"
          aria-label="66"
          aria-selected="false"
          class="grid-item  "
          id="gridTab66"
          name="66"
          role="tab"
          tabindex="66"
        >
          66
        </div>
      </div>
      <div
        role="presentation"
      >
        <div
          aria-controls="gridTabPanel"
          aria-label="67"
          aria-selected="false"
          class="grid-item  "
          id="gridTab67"
          name="67"
          role="tab"
          tabindex="67"
        >
          67
        </div>
      </div>
      <div
        role="presentation"
      >
        <div
          aria-controls="gridTabPanel"
          aria-label="68"
          aria-selected="false"
          class="grid-item  "
          id="gridTab68"
          name="68"
          role="tab"
          tabindex="68"
        >
          68
        </div>
      </div>
      <div
        role="presentation"
      >
        <div
          aria-controls="gridTabPanel"
          aria-label="69"
          aria-selected="false"
          class="grid-item  "
          id="gridTab69"
          name="69"
          role="tab"
          tabindex="69"
        >
          69
        </div>
      </div>
      <div
        role="presentation"
      >
        <div
          aria-controls="gridTabPanel"
          aria-label="70"
          aria-selected="false"
          class="grid-item  "
          id="gridTab70"
          name="70"
          role="tab"
          tabindex="70"
        >
          70
        </div>
      </div>
      <div
        role="presentation"
      >
        <div
          aria-controls="gridTabPanel"
          aria-label="71"
          aria-selected="false"
          class="grid-item  "
          id="gridTab71"
          name="71"
          role="tab"
          tabindex="71"
        >
          71
        </div>
      </div>
      <div
        role="presentation"
      >
        <div
          aria-controls="gridTabPanel"
          aria-label="72"
          aria-selected="false"
          class="grid-item  "
          id="gridTab72"
          name="72"
          role="tab"
          tabindex="72"
        >
          72
        </div>
      </div>
      <div
        role="presentation"
      >
        <div
          aria-controls="gridTabPanel"
          aria-label="73"
          aria-selected="false"
          class="grid-item  "
          id="gridTab73"
          name="73"
          role="tab"
          tabindex="73"
        >
          73
        </div>
      </div>
      <div
        role="presentation"
      >
        <div
          aria-controls="gridTabPanel"
          aria-label="74"
          aria-selected="false"
          class="grid-item  "
          id="gridTab74"
          name="74"
          role="tab"
          tabindex="74"
        >
          74
        </div>
      </div>
      <div
        role="presentation"
      >
        <div
          aria-controls="gridTabPanel"
          aria-label="75"
          aria-selected="false"
          class="grid-item  "
          id="gridTab75"
          name="75"
          role="tab"
          tabindex="75"
        >
          75
        </div>
      </div>
      <div
        role="presentation"
      >
        <div
          aria-controls="gridTabPanel"
          aria-label="76"
          aria-selected="false"
          class="grid-item  "
          id="gridTab76"
          name="76"
          role="tab"
          tabindex="76"
        >
          76
        </div>
      </div>
      <div
        role="presentation"
      >
        <div
          aria-controls="gridTabPanel"
          aria-label="77"
          aria-selected="false"
          class="grid-item  "
          id="gridTab77"
          name="77"
          role="tab"
          tabindex="77"
        >
          77
        </div>
      </div>
      <div
        role="presentation"
      >
        <div
          aria-controls="gridTabPanel"
          aria-label="78"
          aria-selected="false"
          class="grid-item  "
          id="gridTab78"
          name="78"
          role="tab"
          tabindex="78"
        >
          78
        </div>
      </div>
      <div
        role="presentation"
      >
        <div
          aria-controls="gridTabPanel"
          aria-label="79"
          aria-selected="false"
          class="grid-item  "
          id="gridTab79"
          name="79"
          role="tab"
          tabindex="79"
        >
          79
        </div>
      </div>
      <div
        role="presentation"
      >
        <div
          aria-controls="gridTabPanel"
          aria-label="80"
          aria-selected="false"
          class="grid-item  "
          id="gridTab80"
          name="80"
          role="tab"
          tabindex="80"
        >
          80
        </div>
      </div>
      <div
        role="presentation"
      >
        <div
          aria-controls="gridTabPanel"
          aria-label="81"
          aria-selected="false"
          class="grid-item  "
          id="gridTab81"
          name="81"
          role="tab"
          tabindex="81"
        >
          81
        </div>
      </div>
      <div
        role="presentation"
      >
        <div
          aria-controls="gridTabPanel"
          aria-label="82"
          aria-selected="false"
          class="grid-item  "
          id="gridTab82"
          name="82"
          role="tab"
          tabindex="82"
        >
          82
        </div>
      </div>
      <div
        role="presentation"
      >
        <div
          aria-controls="gridTabPanel"
          aria-label="83"
          aria-selected="false"
          class="grid-item  "
          id="gridTab83"
          name="83"
          role="tab"
          tabindex="83"
        >
          83
        </div>
      </div>
      <div
        role="presentation"
      >
        <div
          aria-controls="gridTabPanel"
          aria-label="84"
          aria-selected="false"
          class="grid-item  "
          id="gridTab84"
          name="84"
          role="tab"
          tabindex="84"
        >
          84
        </div>
      </div>
      <div
        role="presentation"
      >
        <div
          aria-controls="gridTabPanel"
          aria-label="85"
          aria-selected="false"
          class="grid-item  "
          id="gridTab85"
          name="85"
          role="tab"
          tabindex="85"
        >
          85
        </div>
      </div>
      <div
        role="presentation"
      >
        <div
          aria-controls="gridTabPanel"
          aria-label="86"
          aria-selected="false"
          class="grid-item  "
          id="gridTab86"
          name="86"
          role="tab"
          tabindex="86"
        >
          86
        </div>
      </div>
      <div
        role="presentation"
      >
        <div
          aria-controls="gridTabPanel"
          aria-label="87"
          aria-selected="false"
          class="grid-item  "
          id="gridTab87"
          name="87"
          role="tab"
          tabindex="87"
        >
          87
        </div>
      </div>
      <div
        role="presentation"
      >
        <div
          aria-controls="gridTabPanel"
          aria-label="88"
          aria-selected="false"
          class="grid-item  "
          id="gridTab88"
          name="88"
          role="tab"
          tabindex="88"
        >
          88
        </div>
      </div>
      <div
        role="presentation"
      >
        <div
          aria-controls="gridTabPanel"
          aria-label="89"
          aria-selected="false"
          class="grid-item  "
          id="gridTab89"
          name="89"
          role="tab"
          tabindex="89"
        >
          89
        </div>
      </div>
      <div
        role="presentation"
      >
        <div
          aria-controls="gridTabPanel"
          aria-label="90"
          aria-selected="false"
          class="grid-item  "
          id="gridTab90"
          name="90"
          role="tab"
          tabindex="90"
        >
          90
        </div>
      </div>
      <div
        role="presentation"
      >
        <div
          aria-controls="gridTabPanel"
          aria-label="91"
          aria-selected="false"
          class="grid-item  "
          id="gridTab91"
          name="91"
          role="tab"
          tabindex="91"
        >
          91
        </div>
      </div>
      <div
        role="presentation"
      >
        <div
          aria-controls="gridTabPanel"
          aria-label="92"
          aria-selected="false"
          class="grid-item  "
          id="gridTab92"
          name="92"
          role="tab"
          tabindex="92"
        >
          92
        </div>
      </div>
      <div
        role="presentation"
      >
        <div
          aria-controls="gridTabPanel"
          aria-label="93"
          aria-selected="false"
          class="grid-item  "
          id="gridTab93"
          name="93"
          role="tab"
          tabindex="93"
        >
          93
        </div>
      </div>
      <div
        role="presentation"
      >
        <div
          aria-controls="gridTabPanel"
          aria-label="94"
          aria-selected="false"
          class="grid-item  "
          id="gridTab94"
          name="94"
          role="tab"
          tabindex="94"
        >
          94
        </div>
      </div>
      <div
        role="presentation"
      >
        <div
          aria-controls="gridTabPanel"
          aria-label="95"
          aria-selected="false"
          class="grid-item  "
          id="gridTab95"
          name="95"
          role="tab"
          tabindex="95"
        >
          95
        </div>
      </div>
      <div
        role="presentation"
      >
        <div
          aria-controls="gridTabPanel"
          aria-label="96"
          aria-selected="false"
          class="grid-item  "
          id="gridTab96"
          name="96"
          role="tab"
          tabindex="96"
        >
          96
        </div>
      </div>
      <div
        role="presentation"
      >
        <div
          aria-controls="gridTabPanel"
          aria-label="97"
          aria-selected="false"
          class="grid-item  "
          id="gridTab97"
          name="97"
          role="tab"
          tabindex="97"
        >
          97
        </div>
      </div>
      <div
        role="presentation"
      >
        <div
          aria-controls="gridTabPanel"
          aria-label="98"
          aria-selected="false"
          class="grid-item  "
          id="gridTab98"
          name="98"
          role="tab"
          tabindex="98"
        >
          98
        </div>
      </div>
      <div
        role="presentation"
      >
        <div
          aria-controls="gridTabPanel"
          aria-label="99"
          aria-selected="false"
          class="grid-item  "
          id="gridTab99"
          name="99"
          role="tab"
          tabindex="99"
        >
          99
        </div>
      </div>
      <div
        role="presentation"
      >
        <div
          aria-controls="gridTabPanel"
          aria-label="100"
          aria-selected="false"
          class="grid-item  "
          id="gridTab100"
          name="100"
          role="tab"
          tabindex="100"
        >
          100
        </div>
      </div>
      <div
        role="presentation"
      >
        <div
          aria-controls="gridTabPanel"
          aria-label="101"
          aria-selected="false"
          class="grid-item  "
          id="gridTab101"
          name="101"
          role="tab"
          tabindex="101"
        >
          101
        </div>
      </div>
      <div
        role="presentation"
      >
        <div
          aria-controls="gridTabPanel"
          aria-label="102"
          aria-selected="false"
          class="grid-item  "
          id="gridTab102"
          name="102"
          role="tab"
          tabindex="102"
        >
          102
        </div>
      </div>
      <div
        role="presentation"
      >
        <div
          aria-controls="gridTabPanel"
          aria-label="103"
          aria-selected="false"
          class="grid-item  "
          id="gridTab103"
          name="103"
          role="tab"
          tabindex="103"
        >
          103
        </div>
      </div>
      <div
        role="presentation"
      >
        <div
          aria-controls="gridTabPanel"
          aria-label="104"
          aria-selected="false"
          class="grid-item  "
          id="gridTab104"
          name="104"
          role="tab"
          tabindex="104"
        >
          104
        </div>
      </div>
      <div
        role="presentation"
      >
        <div
          aria-controls="gridTabPanel"
          aria-label="105"
          aria-selected="false"
          class="grid-item  "
          id="gridTab105"
          name="105"
          role="tab"
          tabindex="105"
        >
          105
        </div>
      </div>
      <div
        role="presentation"
      >
        <div
          aria-controls="gridTabPanel"
          aria-label="106"
          aria-selected="false"
          class="grid-item  "
          id="gridTab106"
          name="106"
          role="tab"
          tabindex="106"
        >
          106
        </div>
      </div>
      <div
        role="presentation"
      >
        <div
          aria-controls="gridTabPanel"
          aria-label="107"
          aria-selected="false"
          class="grid-item  "
          id="gridTab107"
          name="107"
          role="tab"
          tabindex="107"
        >
          107
        </div>
      </div>
      <div
        role="presentation"
      >
        <div
          aria-controls="gridTabPanel"
          aria-label="108"
          aria-selected="false"
          class="grid-item  "
          id="gridTab108"
          name="108"
          role="tab"
          tabindex="108"
        >
          108
        </div>
      </div>
      <div
        role="presentation"
      >
        <div
          aria-controls="gridTabPanel"
          aria-label="109"
          aria-selected="false"
          class="grid-item  "
          id="gridTab109"
          name="109"
          role="tab"
          tabindex="109"
        >
          109
        </div>
      </div>
      <div
        role="presentation"
      >
        <div
          aria-controls="gridTabPanel"
          aria-label="110"
          aria-selected="false"
          class="grid-item  "
          id="gridTab110"
          name="110"
          role="tab"
          tabindex="110"
        >
          110
        </div>
      </div>
      <div
        role="presentation"
      >
        <div
          aria-controls="gridTabPanel"
          aria-label="111"
          aria-selected="false"
          class="grid-item  "
          id="gridTab111"
          name="111"
          role="tab"
          tabindex="111"
        >
          111
        </div>
      </div>
      <div
        role="presentation"
      >
        <div
          aria-controls="gridTabPanel"
          aria-label="112"
          aria-selected="false"
          class="grid-item  "
          id="gridTab112"
          name="112"
          role="tab"
          tabindex="112"
        >
          112
        </div>
      </div>
      <div
        role="presentation"
      >
        <div
          aria-controls="gridTabPanel"
          aria-label="113"
          aria-selected="false"
          class="grid-item  "
          id="gridTab113"
          name="113"
          role="tab"
          tabindex="113"
        >
          113
        </div>
      </div>
      <div
        role="presentation"
      >
        <div
          aria-controls="gridTabPanel"
          aria-label="114"
          aria-selected="false"
          class="grid-item  "
          id="gridTab114"
          name="114"
          role="tab"
          tabindex="114"
        >
          114
        </div>
      </div>
      <div
        role="presentation"
      >
        <div
          aria-controls="gridTabPanel"
          aria-label="115"
          aria-selected="false"
          class="grid-item  "
          id="gridTab115"
          name="115"
          role="tab"
          tabindex="115"
        >
          115
        </div>
      </div>
      <div
        role="presentation"
      >
        <div
          aria-controls="gridTabPanel"
          aria-label="116"
          aria-selected="false"
          class="grid-item  "
          id="gridTab116"
          name="116"
          role="tab"
          tabindex="116"
        >
          116
        </div>
      </div>
      <div
        role="presentation"
      >
        <div
          aria-controls="gridTabPanel"
          aria-label="117"
          aria-selected="false"
          class="grid-item  "
          id="gridTab117"
          name="117"
          role="tab"
          tabindex="117"
        >
          117
        </div>
      </div>
      <div
        role="presentation"
      >
        <div
          aria-controls="gridTabPanel"
          aria-label="118"
          aria-selected="false"
          class="grid-item  "
          id="gridTab118"
          name="118"
          role="tab"
          tabindex="118"
        >
          118
        </div>
      </div>
      <div
        role="presentation"
      >
        <div
          aria-controls="gridTabPanel"
          aria-label="119"
          aria-selected="false"
          class="grid-item  "
          id="gridTab119"
          name="119"
          role="tab"
          tabindex="119"
        >
          119
        </div>
      </div>
      <div
        role="presentation"
      >
        <div
          aria-controls="gridTabPanel"
          aria-label="120"
          aria-selected="false"
          class="grid-item  "
          id="gridTab120"
          name="120"
          role="tab"
          tabindex="120"
        >
          120
        </div>
      </div>
      <div
        role="presentation"
      >
        <div
          aria-controls="gridTabPanel"
          aria-label="121"
          aria-selected="false"
          class="grid-item  "
          id="gridTab121"
          name="121"
          role="tab"
          tabindex="121"
        >
          121
        </div>
      </div>
      <div
        role="presentation"
      >
        <div
          aria-controls="gridTabPanel"
          aria-label="122"
          aria-selected="false"
          class="grid-item  "
          id="gridTab122"
          name="122"
          role="tab"
          tabindex="122"
        >
          122
        </div>
      </div>
      <div
        role="presentation"
      >
        <div
          aria-controls="gridTabPanel"
          aria-label="123"
          aria-selected="false"
          class="grid-item  "
          id="gridTab123"
          name="123"
          role="tab"
          tabindex="123"
        >
          123
        </div>
      </div>
      <div
        role="presentation"
      >
        <div
          aria-controls="gridTabPanel"
          aria-label="124"
          aria-selected="false"
          class="grid-item  "
          id="gridTab124"
          name="124"
          role="tab"
          tabindex="124"
        >
          124
        </div>
      </div>
      <div
        role="presentation"
      >
        <div
          aria-controls="gridTabPanel"
          aria-label="125"
          aria-selected="false"
          class="grid-item  "
          id="gridTab125"
          name="125"
          role="tab"
          tabindex="125"
        >
          125
        </div>
      </div>
      <div
        role="presentation"
      >
        <div
          aria-controls="gridTabPanel"
          aria-label="126"
          aria-selected="false"
          class="grid-item  "
          id="gridTab126"
          name="126"
          role="tab"
          tabindex="126"
        >
          126
        </div>
      </div>
      <div
        role="presentation"
      >
        <div
          aria-controls="gridTabPanel"
          aria-label="127"
          aria-selected="false"
          class="grid-item  "
          id="gridTab127"
          name="127"
          role="tab"
          tabindex="127"
        >
          127
        </div>
      </div>
      <div
        role="presentation"
      >
        <div
          aria-controls="gridTabPanel"
          aria-label="128"
          aria-selected="false"
          class="grid-item  "
          id="gridTab128"
          name="128"
          role="tab"
          tabindex="128"
        >
          128
        </div>
      </div>
      <div
        role="presentation"
      >
        <div
          aria-controls="gridTabPanel"
          aria-label="129"
          aria-selected="false"
          class="grid-item  "
          id="gridTab129"
          name="129"
          role="tab"
          tabindex="129"
        >
          129
        </div>
      </div>
      <div
        role="presentation"
      >
        <div
          aria-controls="gridTabPanel"
          aria-label="130"
          aria-selected="false"
          class="grid-item  "
          id="gridTab130"
          name="130"
          role="tab"
          tabindex="130"
        >
          130
        </div>
      </div>
      <div
        role="presentation"
      >
        <div
          aria-controls="gridTabPanel"
          aria-label="131"
          aria-selected="false"
          class="grid-item  "
          id="gridTab131"
          name="131"
          role="tab"
          tabindex="131"
        >
          131
        </div>
      </div>
      <div
        role="presentation"
      >
        <div
          aria-controls="gridTabPanel"
          aria-label="132"
          aria-selected="false"
          class="grid-item  "
          id="gridTab132"
          name="132"
          role="tab"
          tabindex="132"
        >
          132
        </div>
      </div>
      <div
        role="presentation"
      >
        <div
          aria-controls="gridTabPanel"
          aria-label="133"
          aria-selected="false"
          class="grid-item  "
          id="gridTab133"
          name="133"
          role="tab"
          tabindex="133"
        >
          133
        </div>
      </div>
      <div
        role="presentation"
      >
        <div
          aria-controls="gridTabPanel"
          aria-label="134"
          aria-selected="false"
          class="grid-item  "
          id="gridTab134"
          name="134"
          role="tab"
          tabindex="134"
        >
          134
        </div>
      </div>
      <div
        role="presentation"
      >
        <div
          aria-controls="gridTabPanel"
          aria-label="135"
          aria-selected="false"
          class="grid-item  "
          id="gridTab135"
          name="135"
          role="tab"
          tabindex="135"
        >
          135
        </div>
      </div>
      <div
        role="presentation"
      >
        <div
          aria-controls="gridTabPanel"
          aria-label="136"
          aria-selected="false"
          class="grid-item  "
          id="gridTab136"
          name="136"
          role="tab"
          tabindex="136"
        >
          136
        </div>
      </div>
      <div
        role="presentation"
      >
        <div
          aria-controls="gridTabPanel"
          aria-label="137"
          aria-selected="false"
          class="grid-item  "
          id="gridTab137"
          name="137"
          role="tab"
          tabindex="137"
        >
          137
        </div>
      </div>
      <div
        role="presentation"
      >
        <div
          aria-controls="gridTabPanel"
          aria-label="138"
          aria-selected="false"
          class="grid-item  "
          id="gridTab138"
          name="138"
          role="tab"
          tabindex="138"
        >
          138
        </div>
      </div>
      <div
        role="presentation"
      >
        <div
          aria-controls="gridTabPanel"
          aria-label="139"
          aria-selected="false"
          class="grid-item  "
          id="gridTab139"
          name="139"
          role="tab"
          tabindex="139"
        >
          139
        </div>
      </div>
      <div
        role="presentation"
      >
        <div
          aria-controls="gridTabPanel"
          aria-label="140"
          aria-selected="false"
          class="grid-item  "
          id="gridTab140"
          name="140"
          role="tab"
          tabindex="140"
        >
          140
        </div>
      </div>
      <div
        role="presentation"
      >
        <div
          aria-controls="gridTabPanel"
          aria-label="141"
          aria-selected="false"
          class="grid-item  "
          id="gridTab141"
          name="141"
          role="tab"
          tabindex="141"
        >
          141
        </div>
      </div>
      <div
        role="presentation"
      >
        <div
          aria-controls="gridTabPanel"
          aria-label="142"
          aria-selected="false"
          class="grid-item  "
          id="gridTab142"
          name="142"
          role="tab"
          tabindex="142"
        >
          142
        </div>
      </div>
      <div
        role="presentation"
      >
        <div
          aria-controls="gridTabPanel"
          aria-label="143"
          aria-selected="false"
          class="grid-item  "
          id="gridTab143"
          name="143"
          role="tab"
          tabindex="143"
        >
          143
        </div>
      </div>
      <div
        role="presentation"
      >
        <div
          aria-controls="gridTabPanel"
          aria-label="144"
          aria-selected="false"
          class="grid-item  "
          id="gridTab144"
          name="144"
          role="tab"
          tabindex="144"
        >
          144
        </div>
      </div>
    </div>
  </div>
</DocumentFragment>
`;
